\BOOKMARK [1][-]{section.1}{\376\377\122\115\212\000}{}% 1
\BOOKMARK [1][-]{section.2}{\376\377\227\000\154\102\122\006\147\220}{}% 2
\BOOKMARK [2][-]{subsection.2.1}{\376\377\160\271\116\130\133\236\163\260}{section.2}% 3
\BOOKMARK [2][-]{subsection.2.2}{\376\377\131\202\117\125\213\260\137\125\145\366\225\364\377\037}{section.2}% 4
\BOOKMARK [2][-]{subsection.2.3}{\376\377\124\021\221\317\116\316\124\352\221\314\147\145\377\037}{section.2}% 5
\BOOKMARK [3][-]{subsubsection.2.3.1}{\376\377\221\307\165\050\230\204\145\207\116\366\213\373\123\326\217\330\146\057\163\260\127\072\165\037\142\020\377\037}{subsection.2.3}% 6
\BOOKMARK [3][-]{subsubsection.2.3.2}{\376\377\131\202\117\125\137\353\220\037\165\037\142\020\226\217\147\072\145\160\377\037}{subsection.2.3}% 7
\BOOKMARK [3][-]{subsubsection.2.3.3}{\376\377\000X\000O\000R\000S\000h\000i\000f\000t\117\032\137\161\124\315\220\037\136\246\124\027\377\037}{subsection.2.3}% 8
\BOOKMARK [1][-]{section.3}{\376\377\153\143\137\017\133\236\232\214}{}% 9
\BOOKMARK [2][-]{subsection.3.1}{\376\377\217\320\210\114\163\257\130\203}{section.3}% 10
\BOOKMARK [2][-]{subsection.3.2}{\376\377\133\236\232\214\117\177\165\050\166\204\217\157\116\366}{section.3}% 11
\BOOKMARK [2][-]{subsection.3.3}{\376\377\133\236\232\214\145\160\143\156\0001\040\024\000J\000a\000v\000a\000\040\000v\000s\000\040\145\340\117\030\123\026\000C}{section.3}% 12
\BOOKMARK [2][-]{subsection.3.4}{\376\377\133\236\232\214\145\160\143\156\0002\040\024\000J\000a\000v\000a\000\040\000v\000s\000\040\000O\0003\117\030\123\026\000C}{section.3}% 13
\BOOKMARK [1][-]{section.4}{\376\377\140\047\200\375\122\006\147\220}{}% 14
\BOOKMARK [2][-]{subsection.4.1}{\376\377\177\026\213\321\126\150\171\136\122\233\040\024\000O\0003\117\030\123\026\136\162\116\206\116\300\116\110}{section.4}% 15
\BOOKMARK [3][-]{subsubsection.4.1.1}{\376\377\220\006\124\021\116\343\170\001\122\006\147\220}{subsection.4.1}% 16
\BOOKMARK [3][-]{subsubsection.4.1.2}{\376\377\000P\000r\000o\000f\000i\000l\000e\000r\122\006\147\220}{subsection.4.1}% 17
\BOOKMARK [2][-]{subsection.4.2}{\376\377\000J\000V\000M\171\136\122\233\040\024\136\225\134\102\136\162\116\206\116\300\116\110}{section.4}% 18
\BOOKMARK [3][-]{subsubsection.4.2.1}{\376\377\000J\000a\000v\000a\215\212\215\321\215\212\137\353\377\014\167\037\166\204\120\107\166\204\377\037}{subsection.4.2}% 19
\BOOKMARK [3][-]{subsubsection.4.2.2}{\376\377\117\030\123\026\0001\377\032\000J\000I\000T\160\355\160\271\116\343\170\001\117\030\123\026}{subsection.4.2}% 20
\BOOKMARK [3][-]{subsubsection.4.2.3}{\376\377\117\030\123\026\0002\377\032\214\003\136\246\117\030\123\026}{subsection.4.2}% 21
\BOOKMARK [2][-]{subsection.4.3}{\376\377\000C\167\037\166\204\153\324\000J\000a\000v\000a\137\353\124\027}{section.4}% 22
\BOOKMARK [1][-]{section.5}{\376\377\000A\000I\217\205\122\251\116\206\124\352\116\233\135\345\117\134}{}% 23
\BOOKMARK [2][-]{subsection.5.1}{\376\377\134\006\000C\217\154\143\142\142\020\000J\000a\000v\000a}{section.5}% 24
\BOOKMARK [2][-]{subsection.5.2}{\376\377\000P\000y\000t\000h\000o\000n\176\337\213\241\145\160\143\156\172\013\136\217\165\037\142\020}{section.5}% 25
\BOOKMARK [2][-]{subsection.5.3}{\376\377\211\343\221\312\154\107\177\026\116\343\170\001}{section.5}% 26
\BOOKMARK [2][-]{subsection.5.4}{\376\377\000L\000a\000t\000e\000x\137\353\220\037\152\041\116\377}{section.5}% 27
\BOOKMARK [1][-]{section.6}{\376\377\133\236\232\214\140\073\176\323}{}% 28
