\BOOKMARK [1][-]{section.1}{\376\377\116\373\122\241\122\022\122\006\123\312\215\041\163\056}{}% 1
\BOOKMARK [1][-]{section.2}{\376\377\133\236\117\123\000-\121\163\174\373\126\376\176\330\122\066}{}% 2
\BOOKMARK [1][-]{section.3}{\376\377\145\160\143\156\136\223\213\276\213\241}{}% 3
\BOOKMARK [2][-]{subsection.3.1}{\376\377\000D\000a\000t\000a\000g\000r\000i\000p\165\037\142\020\126\376}{section.3}% 4
\BOOKMARK [2][-]{subsection.3.2}{\376\377\145\160\143\156\136\223\213\276\213\241\173\200\217\360}{section.3}% 5
\BOOKMARK [3][-]{subsubsection.3.2.1}{\376\377\145\160\143\156\143\317\217\360}{subsection.3.2}% 6
\BOOKMARK [3][-]{subsubsection.3.2.2}{\376\377\134\136\140\047\122\022\122\006}{subsection.3.2}% 7
\BOOKMARK [3][-]{subsubsection.3.2.3}{\376\377\176\246\147\137\147\141\116\366}{subsection.3.2}% 8
\BOOKMARK [1][-]{section.4}{\376\377\145\160\143\156\133\374\121\145}{}% 9
\BOOKMARK [2][-]{subsection.4.1}{\376\377\145\160\143\156\133\374\121\145\213\364\146\016}{section.4}% 10
\BOOKMARK [3][-]{subsubsection.4.1.1}{\376\377\145\160\143\156\117\356\145\071\213\364\146\016}{subsection.4.1}% 11
\BOOKMARK [3][-]{subsubsection.4.1.2}{\376\377\201\032\147\054\117\177\165\050\213\364\146\016}{subsection.4.1}% 12
\BOOKMARK [2][-]{subsection.4.2}{\376\377\133\374\121\145\145\160\143\156\121\306\170\156\140\047\232\214\213\301}{section.4}% 13
\BOOKMARK [3][-]{subsubsection.4.2.1}{\376\377\000p\000o\000s\000t\000g\000r\000e\000S\000Q\000L\147\345\213\342\213\355\123\345}{subsection.4.2}% 14
\BOOKMARK [2][-]{subsection.4.3}{\376\377\133\374\121\145\145\271\137\017\142\323\134\125}{section.4}% 15
\BOOKMARK [3][-]{subsubsection.4.3.1}{\376\377\131\032\213\355\212\000\133\374\121\145\377\032\000P\000y\000t\000h\000o\000n}{subsection.4.3}% 16
\BOOKMARK [3][-]{subsubsection.4.3.2}{\376\377\133\374\121\145\117\030\123\026}{subsection.4.3}% 17
\BOOKMARK [3][-]{subsubsection.4.3.3}{\376\377\000J\000a\000v\000a\133\236\163\260\166\204\123\346\116\000\133\374\121\145\145\271\137\017}{subsection.4.3}% 18
\BOOKMARK [3][-]{subsubsection.4.3.4}{\376\377\131\032\136\163\123\360\133\374\121\145}{subsection.4.3}% 19
\BOOKMARK [3][-]{subsubsection.4.3.5}{\376\377\116\015\124\014\133\374\121\145\145\160\143\156\221\317\133\371\116\216\140\047\200\375\166\204\137\161\124\315}{subsection.4.3}% 20
\BOOKMARK [3][-]{subsubsection.4.3.6}{\376\377\000t\000r\000i\000g\000g\000e\000r\133\371\116\216\145\160\143\156\133\374\121\145\166\204\137\161\124\315}{subsection.4.3}% 21
